Create new file

